Batman
Spiderman
Peter Parker
Bruce Wayne
1324
.net
c#
java