.net
1324
Batman
Bruce Wayne
c#
java
Peter Parker
Spiderman
